../Core/Src/nrf24L01/nrf24L01.c:46:22:DelayMicro	16	static
../Core/Src/nrf24L01/nrf24L01.c:53:6:NRF24_init	8	static
../Core/Src/nrf24L01/nrf24L01.c:87:9:NRF24_ReadReg	32	static
../Core/Src/nrf24L01/nrf24L01.c:105:6:NRF24_WriteReg	16	static
../Core/Src/nrf24L01/nrf24L01.c:117:6:NRF24_ToggleFeatures	16	static
../Core/Src/nrf24L01/nrf24L01.c:131:6:NRF24_Read_Buf	16	static
../Core/Src/nrf24L01/nrf24L01.c:141:6:NRF24_Write_Buf	16	static
../Core/Src/nrf24L01/nrf24L01.c:155:13:NRF24_FlushRX	16	static
../Core/Src/nrf24L01/nrf24L01.c:165:13:NRF24_FlushTX	16	static
../Core/Src/nrf24L01/nrf24L01.c:175:6:NRF24L01_RX_Mode	16	static
../Core/Src/nrf24L01/nrf24L01.c:192:6:testReadWriteSetingd	24	static
../Core/Src/nrf24L01/nrf24L01.c:225:6:testDelay	8	static
../Core/Src/nrf24L01/nrf24L01.c:231:6:NRF24L01_TX_Mode	16	static
../Core/Src/nrf24L01/nrf24L01.c:241:6:NRF24_Transmit	16	static
../Core/Src/nrf24L01/nrf24L01.c:254:9:NRF24L01_Send	24	static
../Core/Src/nrf24L01/nrf24L01.c:293:6:NRF24L01_Transmit	8	static
../Core/Src/nrf24L01/nrf24L01.c:316:6:led_test	8	static
../Core/Src/nrf24L01/nrf24L01.c:322:6:NRF24L01_Receive	16	static
../Core/Src/nrf24L01/nrf24L01.c:355:6:NRF24L01_Transmit_Real_Data	16	static
../Core/Src/nrf24L01/nrf24L01.c:388:6:NRF24L01_Receive_Real_Data	16	static
../Core/Src/nrf24L01/nrf24L01.c:429:6:NRF24L01_Transmit_Test_Data	40	static
../Core/Src/nrf24L01/nrf24L01.c:476:6:NRF24L01_Receive_Test_Data	56	static
