Archive member included to satisfy reference by file (symbol)

/opt/st/stm32cubeide_1.11.2/plugins/com.st.stm32cube.ide.mcu.externaltools.gnu-tools-for-stm32.10.3-2021.10.linux64_1.0.100.202210260954/tools/bin/../lib/gcc/arm-none-eabi/10.3.1/../../../../arm-none-eabi/lib/thumb/v7-m/nofp/libc_nano.a(lib_a-errno.o)
                              ./Core/Src/syscalls.o (__errno)
/opt/st/stm32cubeide_1.11.2/plugins/com.st.stm32cube.ide.mcu.externaltools.gnu-tools-for-stm32.10.3-2021.10.linux64_1.0.100.202210260954/tools/bin/../lib/gcc/arm-none-eabi/10.3.1/../../../../arm-none-eabi/lib/thumb/v7-m/nofp/libc_nano.a(lib_a-exit.o)
                              /opt/st/stm32cubeide_1.11.2/plugins/com.st.stm32cube.ide.mcu.externaltools.gnu-tools-for-stm32.10.3-2021.10.linux64_1.0.100.202210260954/tools/bin/../lib/gcc/arm-none-eabi/10.3.1/../../../../arm-none-eabi/lib/thumb/v7-m/nofp/crt0.o (exit)
/opt/st/stm32cubeide_1.11.2/plugins/com.st.stm32cube.ide.mcu.externaltools.gnu-tools-for-stm32.10.3-2021.10.linux64_1.0.100.202210260954/tools/bin/../lib/gcc/arm-none-eabi/10.3.1/../../../../arm-none-eabi/lib/thumb/v7-m/nofp/libc_nano.a(lib_a-impure.o)
                              /opt/st/stm32cubeide_1.11.2/plugins/com.st.stm32cube.ide.mcu.externaltools.gnu-tools-for-stm32.10.3-2021.10.linux64_1.0.100.202210260954/tools/bin/../lib/gcc/arm-none-eabi/10.3.1/../../../../arm-none-eabi/lib/thumb/v7-m/nofp/libc_nano.a(lib_a-exit.o) (_global_impure_ptr)
/opt/st/stm32cubeide_1.11.2/plugins/com.st.stm32cube.ide.mcu.externaltools.gnu-tools-for-stm32.10.3-2021.10.linux64_1.0.100.202210260954/tools/bin/../lib/gcc/arm-none-eabi/10.3.1/../../../../arm-none-eabi/lib/thumb/v7-m/nofp/libc_nano.a(lib_a-init.o)
                              /opt/st/stm32cubeide_1.11.2/plugins/com.st.stm32cube.ide.mcu.externaltools.gnu-tools-for-stm32.10.3-2021.10.linux64_1.0.100.202210260954/tools/bin/../lib/gcc/arm-none-eabi/10.3.1/../../../../arm-none-eabi/lib/thumb/v7-m/nofp/crt0.o (__libc_init_array)
/opt/st/stm32cubeide_1.11.2/plugins/com.st.stm32cube.ide.mcu.externaltools.gnu-tools-for-stm32.10.3-2021.10.linux64_1.0.100.202210260954/tools/bin/../lib/gcc/arm-none-eabi/10.3.1/../../../../arm-none-eabi/lib/thumb/v7-m/nofp/libc_nano.a(lib_a-memset.o)
                              /opt/st/stm32cubeide_1.11.2/plugins/com.st.stm32cube.ide.mcu.externaltools.gnu-tools-for-stm32.10.3-2021.10.linux64_1.0.100.202210260954/tools/bin/../lib/gcc/arm-none-eabi/10.3.1/../../../../arm-none-eabi/lib/thumb/v7-m/nofp/crt0.o (memset)
/opt/st/stm32cubeide_1.11.2/plugins/com.st.stm32cube.ide.mcu.externaltools.gnu-tools-for-stm32.10.3-2021.10.linux64_1.0.100.202210260954/tools/bin/../lib/gcc/arm-none-eabi/10.3.1/../../../../arm-none-eabi/lib/thumb/v7-m/nofp/libc_nano.a(lib_a-sprintf.o)
                              ./Core/Src/nrf24L01/nrf24L01.o (sprintf)
/opt/st/stm32cubeide_1.11.2/plugins/com.st.stm32cube.ide.mcu.externaltools.gnu-tools-for-stm32.10.3-2021.10.linux64_1.0.100.202210260954/tools/bin/../lib/gcc/arm-none-eabi/10.3.1/../../../../arm-none-eabi/lib/thumb/v7-m/nofp/libc_nano.a(lib_a-nano-svfprintf.o)
                              /opt/st/stm32cubeide_1.11.2/plugins/com.st.stm32cube.ide.mcu.externaltools.gnu-tools-for-stm32.10.3-2021.10.linux64_1.0.100.202210260954/tools/bin/../lib/gcc/arm-none-eabi/10.3.1/../../../../arm-none-eabi/lib/thumb/v7-m/nofp/libc_nano.a(lib_a-sprintf.o) (_svfprintf_r)
/opt/st/stm32cubeide_1.11.2/plugins/com.st.stm32cube.ide.mcu.externaltools.gnu-tools-for-stm32.10.3-2021.10.linux64_1.0.100.202210260954/tools/bin/../lib/gcc/arm-none-eabi/10.3.1/../../../../arm-none-eabi/lib/thumb/v7-m/nofp/libc_nano.a(lib_a-nano-vfprintf_i.o)
                              /opt/st/stm32cubeide_1.11.2/plugins/com.st.stm32cube.ide.mcu.externaltools.gnu-tools-for-stm32.10.3-2021.10.linux64_1.0.100.202210260954/tools/bin/../lib/gcc/arm-none-eabi/10.3.1/../../../../arm-none-eabi/lib/thumb/v7-m/nofp/libc_nano.a(lib_a-nano-svfprintf.o) (_printf_i)
/opt/st/stm32cubeide_1.11.2/plugins/com.st.stm32cube.ide.mcu.externaltools.gnu-tools-for-stm32.10.3-2021.10.linux64_1.0.100.202210260954/tools/bin/../lib/gcc/arm-none-eabi/10.3.1/../../../../arm-none-eabi/lib/thumb/v7-m/nofp/libc_nano.a(lib_a-memchr-stub.o)
                              /opt/st/stm32cubeide_1.11.2/plugins/com.st.stm32cube.ide.mcu.externaltools.gnu-tools-for-stm32.10.3-2021.10.linux64_1.0.100.202210260954/tools/bin/../lib/gcc/arm-none-eabi/10.3.1/../../../../arm-none-eabi/lib/thumb/v7-m/nofp/libc_nano.a(lib_a-nano-svfprintf.o) (memchr)
/opt/st/stm32cubeide_1.11.2/plugins/com.st.stm32cube.ide.mcu.externaltools.gnu-tools-for-stm32.10.3-2021.10.linux64_1.0.100.202210260954/tools/bin/../lib/gcc/arm-none-eabi/10.3.1/../../../../arm-none-eabi/lib/thumb/v7-m/nofp/libc_nano.a(lib_a-memcpy-stub.o)
[...]
Memory Configuration

Name             Origin             Length             Attributes
RAM              0x0000000020000000 0x0000000000005000 xrw
FLASH            0x0000000008000000 0x0000000000010000 xr
*default*        0x0000000000000000 0xffffffffffffffff

Linker script and memory map

LOAD /opt/st/stm32cubeide_1.11.2/plugins/com.st.stm32cube.ide.mcu.externaltools.gnu-tools-for-stm32.10.3-2021.10.linux64_1.0.100.202210260954/tools/bin/../lib/gcc/arm-none-eabi/10.3.1/thumb/v7-m/nofp/crti.o
LOAD /opt/st/stm32cubeide_1.11.2/plugins/com.st.stm32cube.ide.mcu.externaltools.gnu-tools-for-stm32.10.3-2021.10.linux64_1.0.100.202210260954/tools/bin/../lib/gcc/arm-none-eabi/10.3.1/thumb/v7-m/nofp/crtbegin.o
LOAD /opt/st/stm32cubeide_1.11.2/plugins/com.st.stm32cube.ide.mcu.externaltools.gnu-tools-for-stm32.10.3-2021.10.linux64_1.0.100.202210260954/tools/bin/../lib/gcc/arm-none-eabi/10.3.1/../../../../arm-none-eabi/lib/thumb/v7-m/nofp/crt0.o
LOAD ./Core/Src/main.o
LOAD ./Core/Src/stm32f1xx_hal_msp.o
LOAD ./Core/Src/stm32f1xx_it.o
LOAD ./Core/Src/syscalls.o
LOAD ./Core/Src/sysmem.o
LOAD ./Core/Src/system_stm32f1xx.o
LOAD ./Core/Src/nrf24L01/nrf24L01.o
LOAD ./Core/Startup/startup_stm32f103c8tx.o
LOAD ./Drivers/STM32F1xx_HAL_Driver/Src/stm32f1xx_hal.o
LOAD ./Drivers/STM32F1xx_HAL_Driver/Src/stm32f1xx_hal_cortex.o
LOAD ./Drivers/STM32F1xx_HAL_Driver/Src/stm32f1xx_hal_dma.o
LOAD ./Drivers/STM32F1xx_HAL_Driver/Src/stm32f1xx_hal_exti.o
LOAD ./Drivers/STM32F1xx_HAL_Driver/Src/stm32f1xx_hal_flash.o
LOAD ./Drivers/STM32F1xx_HAL_Driver/Src/stm32f1xx_hal_flash_ex.o
LOAD ./Drivers/STM32F1xx_HAL_Driver/Src/stm32f1xx_hal_gpio.o
LOAD ./Drivers/STM32F1xx_HAL_Driver/Src/stm32f1xx_hal_gpio_ex.o
LOAD ./Drivers/STM32F1xx_HAL_Driver/Src/stm32f1xx_hal_pwr.o
LOAD ./Drivers/STM32F1xx_HAL_Driver/Src/stm32f1xx_hal_rcc.o
LOAD ./Drivers/STM32F1xx_HAL_Driver/Src/stm32f1xx_hal_rcc_ex.o
LOAD ./Drivers/STM32F1xx_HAL_Driver/Src/stm32f1xx_hal_spi.o
LOAD ./Drivers/STM32F1xx_HAL_Driver/Src/stm32f1xx_hal_tim.o
LOAD ./Drivers/STM32F1xx_HAL_Driver/Src/stm32f1xx_hal_tim_ex.o
START GROUP
LOAD /opt/st/stm32cubeide_1.11.2/plugins/com.st.stm32cube.ide.mcu.externaltools.gnu-tools-for-stm32.10.3-2021.10.linux64_1.0.100.202210260954/tools/bin/../lib/gcc/arm-none-eabi/10.3.1/../../../../arm-none-eabi/lib/thumb/v7-m/nofp/libc_nano.a
LOAD /opt/st/stm32cubeide_1.11.2/plugins/com.st.stm32cube.ide.mcu.externaltools.gnu-tools-for-stm32.10.3-2021.10.linux64_1.0.100.202210260954/tools/bin/../lib/gcc/arm-none-eabi/10.3.1/../../../../arm-none-eabi/lib/thumb/v7-m/nofp/libm.a
END GROUP
START GROUP
LOAD /opt/st/stm32cubeide_1.11.2/plugins/com.st.stm32cube.ide.mcu.externaltools.gnu-tools-for-stm32.10.3-2021.10.linux64_1.0.100.202210260954/tools/bin/../lib/gcc/arm-none-eabi/10.3.1/thumb/v7-m/nofp/libgcc.a
LOAD /opt/st/stm32cubeide_1.11.2/plugins/com.st.stm32cube.ide.mcu.externaltools.gnu-tools-for-stm32.10.3-2021.10.linux64_1.0.100.202210260954/tools/bin/../lib/gcc/arm-none-eabi/10.3.1/../../../../arm-none-eabi/lib/thumb/v7-m/nofp/libc_nano.a
END GROUP
START GROUP
LOAD /opt/st/stm32cubeide_1.11.2/plugins/com.st.stm32cube.ide.mcu.externaltools.gnu-tools-for-stm32.10.3-2021.10.linux64_1.0.100.202210260954/tools/bin/../lib/gcc/arm-none-eabi/10.3.1/thumb/v7-m/nofp/libgcc.a
LOAD /opt/st/stm32cubeide_1.11.2/plugins/com.st.stm32cube.ide.mcu.externaltools.gnu-tools-for-stm32.10.3-2021.10.linux64_1.0.100.202210260954/tools/bin/../lib/gcc/arm-none-eabi/10.3.1/../../../../arm-none-eabi/lib/thumb/v7-m/nofp/libc_nano.a
LOAD /opt/st/stm32cubeide_1.11.2/plugins/com.st.stm32cube.ide.mcu.externaltools.gnu-tools-for-stm32.10.3-2021.10.linux64_1.0.100.202210260954/tools/bin/../lib/gcc/arm-none-eabi/10.3.1/../../../../arm-none-eabi/lib/thumb/v7-m/nofp/libnosys.a
END GROUP
START GROUP
LOAD /opt/st/stm32cubeide_1.11.2/plugins/com.st.stm32cube.ide.mcu.externaltools.gnu-tools-for-stm32.10.3-2021.10.linux64_1.0.100.202210260954/tools/bin/../lib/gcc/arm-none-eabi/10.3.1/thumb/v7-m/nofp/libgcc.a
LOAD /opt/st/stm32cubeide_1.11.2/plugins/com.st.stm32cube.ide.mcu.externaltools.gnu-tools-for-stm32.10.3-2021.10.linux64_1.0.100.202210260954/tools/bin/../lib/gcc/arm-none-eabi/10.3.1/../../../../arm-none-eabi/lib/thumb/v7-m/nofp/libc_nano.a
LOAD /opt/st/stm32cubeide_1.11.2/plugins/com.st.stm32cube.ide.mcu.externaltools.gnu-tools-for-stm32.10.3-2021.10.linux64_1.0.100.202210260954/tools/bin/../lib/gcc/arm-none-eabi/10.3.1/../../../../arm-none-eabi/lib/thumb/v7-m/nofp/libnosys.a
END GROUP
LOAD /opt/st/stm32cubeide_1.11.2/plugins/com.st.stm32cube.ide.mcu.externaltools.gnu-tools-for-stm32.10.3-2021.10.linux64_1.0.100.202210260954/tools/bin/../lib/gcc/arm-none-eabi/10.3.1/thumb/v7-m/nofp/crtend.o
LOAD /opt/st/stm32cubeide_1.11.2/plugins/com.st.stm32cube.ide.mcu.externaltools.gnu-tools-for-stm32.10.3-2021.10.linux64_1.0.100.202210260954/tools/bin/../lib/gcc/arm-none-eabi/10.3.1/thumb/v7-m/nofp/crtn.o
                0x0000000020005000                _estack = (ORIGIN (RAM) + LENGTH (RAM))
                0x0000000000000200                _Min_Heap_Size = 0x200
                0x0000000000000400                _Min_Stack_Size = 0x400

.isr_vector     0x0000000008000000      0x10c
                0x0000000008000000                . = ALIGN (0x4)
 *(.isr_vector)
 .isr_vector    0x0000000008000000      0x10c ./Core/Startup/startup_stm32f103c8tx.o
                0x0000000008000000                g_pfnVectors
                0x000000000800010c                . = ALIGN (0x4)

.text           0x000000000800010c     0x1ff0
                0x000000000800010c                . = ALIGN (0x4)
 *(.text)
 .text          0x000000000800010c       0x40 /opt/st/stm32cubeide_1.11.2/plugins/com.st.stm32cube.ide.mcu.externaltools.gnu-tools-for-stm32.10.3-2021.10.linux64_1.0.100.202210260954/tools/bin/../lib/gcc/arm-none-eabi/10.3.1/thumb/v7-m/nofp/crtbegin.o
 *(.text*)
 .text.main     0x000000000800014c       0x26 ./Core/Src/main.o
                0x000000000800014c                main
 .text.SystemClock_Config
                0x0000000008000172       0x8a ./Core/Src/main.o
                0x0000000008000172                SystemClock_Config
 .text.MX_SPI2_Init
                0x00000000080001fc       0x6c ./Core/Src/main.o
 .text.MX_GPIO_Init
                0x0000000008000268       0xf0 ./Core/Src/main.o
 .text.Error_Handler
                0x0000000008000358        0xa ./Core/Src/main.o
                0x0000000008000358                Error_Handler
 *fill*         0x0000000008000362        0x2 
 .text.HAL_MspInit
                0x0000000008000364       0x64 ./Core/Src/stm32f1xx_hal_msp.o
                0x0000000008000364                HAL_MspInit
 .text.HAL_SPI_MspInit
                0x00000000080003c8       0x98 ./Core/Src/stm32f1xx_hal_msp.o
                0x00000000080003c8                HAL_SPI_MspInit
 .text.NMI_Handler
                0x0000000008000460        0x6 ./Core/Src/stm32f1xx_it.o
                0x0000000008000460                NMI_Handler
 .text.HardFault_Handler
                0x0000000008000466        0x6 ./Core/Src/stm32f1xx_it.o
                0x0000000008000466                HardFault_Handler
 .text.MemManage_Handler
                0x000000000800046c        0x6 ./Core/Src/stm32f1xx_it.o
                0x000000000800046c                MemManage_Handler
 .text.BusFault_Handler
                0x0000000008000472        0x6 ./Core/Src/stm32f1xx_it.o
                0x0000000008000472                BusFault_Handler
 .text.UsageFault_Handler
                0x0000000008000478        0x6 ./Core/Src/stm32f1xx_it.o
                0x0000000008000478                UsageFault_Handler
 .text.SVC_Handler
                0x000000000800047e        0xc ./Core/Src/stm32f1xx_it.o
                0x000000000800047e                SVC_Handler
 .text.DebugMon_Handler
                0x000000000800048a        0xc ./Core/Src/stm32f1xx_it.o
                0x000000000800048a                DebugMon_Handler
 .text.PendSV_Handler
                0x0000000008000496        0xc ./Core/Src/stm32f1xx_it.o
                0x0000000008000496                PendSV_Handler
 .text.SysTick_Handler
                0x00000000080004a2        0xc ./Core/Src/stm32f1xx_it.o
                0x00000000080004a2                SysTick_Handler
 .text.SystemInit
                0x00000000080004ae        0xc ./Core/Src/system_stm32f1xx.o
                0x00000000080004ae                SystemInit
 *fill*         0x00000000080004ba        0x2 
 .text.DelayMicro
                0x00000000080004bc       0x40 ./Core/Src/nrf24L01/nrf24L01.o
 .text.NRF24_init
                0x00000000080004fc       0xac ./Core/Src/nrf24L01/nrf24L01.o
                0x00000000080004fc                NRF24_init
 .text.NRF24_ReadReg
                0x00000000080005a8       0x68 ./Core/Src/nrf24L01/nrf24L01.o
                0x00000000080005a8                NRF24_ReadReg
 .text.NRF24_WriteReg
                0x0000000008000610       0x5c ./Core/Src/nrf24L01/nrf24L01.o
 .text.NRF24_ToggleFeatures
                0x000000000800066c       0x54 ./Core/Src/nrf24L01/nrf24L01.o
 .text.NRF24_Write_Buf
                0x00000000080006c0       0x64 ./Core/Src/nrf24L01/nrf24L01.o
                0x00000000080006c0                NRF24_Write_Buf
 .text.NRF24_FlushRX
                0x0000000008000724       0x44 ./Core/Src/nrf24L01/nrf24L01.o
 .text.NRF24_FlushTX
                0x0000000008000768       0x44 ./Core/Src/nrf24L01/nrf24L01.o
 .text.NRF24L01_RX_Mode
                0x00000000080007ac       0x4c ./Core/Src/nrf24L01/nrf24L01.o
                0x00000000080007ac                NRF24L01_RX_Mode
 .text.NRF24L01_TX_Mode
                0x00000000080007f8       0x34 ./Core/Src/nrf24L01/nrf24L01.o
                0x00000000080007f8                NRF24L01_TX_Mode
 .text.NRF24_Transmit
                0x000000000800082c       0x6c ./Core/Src/nrf24L01/nrf24L01.o
                0x000000000800082c                NRF24_Transmit
 .text.NRF24L01_Send
                0x0000000008000898       0xd4 ./Core/Src/nrf24L01/nrf24L01.o
                0x0000000008000898                NRF24L01_Send
 .text.NRF24L01_Transmit
                0x000000000800096c       0x88 ./Core/Src/nrf24L01/nrf24L01.o
                0x000000000800096c                NRF24L01_Transmit
 .text.Reset_Handler
                0x00000000080009f4       0x48 ./Core/Startup/startup_stm32f103c8tx.o
                0x00000000080009f4                Reset_Handler
 .text.Default_Handler
                0x0000000008000a3c        0x2 ./Core/Startup/startup_stm32f103c8tx.o
                0x0000000008000a3c                RTC_Alarm_IRQHandler
                0x0000000008000a3c                EXTI2_IRQHandler
                0x0000000008000a3c                TIM1_CC_IRQHandler
                0x0000000008000a3c                PVD_IRQHandler
                0x0000000008000a3c                EXTI3_IRQHandler
                0x0000000008000a3c                EXTI0_IRQHandler
                0x0000000008000a3c                I2C2_EV_IRQHandler
                0x0000000008000a3c                ADC1_2_IRQHandler
                0x0000000008000a3c                SPI1_IRQHandler
                0x0000000008000a3c                TAMPER_IRQHandler
                0x0000000008000a3c                DMA1_Channel4_IRQHandler
                0x0000000008000a3c                USART3_IRQHandler
                0x0000000008000a3c                RTC_IRQHandler
                0x0000000008000a3c                DMA1_Channel7_IRQHandler
                0x0000000008000a3c                CAN1_RX1_IRQHandler
                0x0000000008000a3c                TIM4_IRQHandler
                0x0000000008000a3c                I2C1_EV_IRQHandler
                0x0000000008000a3c                DMA1_Channel6_IRQHandler
                0x0000000008000a3c                TIM3_IRQHandler
                0x0000000008000a3c                RCC_IRQHandler
                0x0000000008000a3c                TIM1_TRG_COM_IRQHandler
                0x0000000008000a3c                DMA1_Channel1_IRQHandler
                0x0000000008000a3c                Default_Handler
                0x0000000008000a3c                EXTI15_10_IRQHandler
                0x0000000008000a3c                EXTI9_5_IRQHandler
                0x0000000008000a3c                SPI2_IRQHandler
                0x0000000008000a3c                DMA1_Channel5_IRQHandler
                0x0000000008000a3c                EXTI4_IRQHandler
                0x0000000008000a3c                USB_LP_CAN1_RX0_IRQHandler
                0x0000000008000a3c                USB_HP_CAN1_TX_IRQHandler
                0x0000000008000a3c                DMA1_Channel3_IRQHandler
                0x0000000008000a3c                TIM1_UP_IRQHandler
                0x0000000008000a3c                WWDG_IRQHandler
                0x0000000008000a3c                TIM2_IRQHandler
                0x0000000008000a3c                TIM1_BRK_IRQHandler
                0x0000000008000a3c                EXTI1_IRQHandler
                0x0000000008000a3c                USART2_IRQHandler
                0x0000000008000a3c                I2C2_ER_IRQHandler
                0x0000000008000a3c                DMA1_Channel2_IRQHandler
                0x0000000008000a3c                CAN1_SCE_IRQHandler
                0x0000000008000a3c                FLASH_IRQHandler
                0x0000000008000a3c                USART1_IRQHandler
                0x0000000008000a3c                I2C1_ER_IRQHandler
                0x0000000008000a3c                USBWakeUp_IRQHandler
 *fill*         0x0000000008000a3e        0x2 
 .text.HAL_Init
                0x0000000008000a40       0x2c ./Drivers/STM32F1xx_HAL_Driver/Src/stm32f1xx_hal.o
                0x0000000008000a40                HAL_Init
 .text.HAL_InitTick
                0x0000000008000a6c       0x60 ./Drivers/STM32F1xx_HAL_Driver/Src/stm32f1xx_hal.o
                0x0000000008000a6c                HAL_InitTick
 .text.HAL_IncTick
                0x0000000008000acc       0x24 ./Drivers/STM32F1xx_HAL_Driver/Src/stm32f1xx_hal.o
                0x0000000008000acc                HAL_IncTick
 .text.HAL_GetTick
                0x0000000008000af0       0x14 ./Drivers/STM32F1xx_HAL_Driver/Src/stm32f1xx_hal.o
                0x0000000008000af0                HAL_GetTick
 .text.HAL_Delay
                0x0000000008000b04       0x48 ./Drivers/STM32F1xx_HAL_Driver/Src/stm32f1xx_hal.o
                0x0000000008000b04                HAL_Delay
 .text.__NVIC_SetPriorityGrouping
                0x0000000008000b4c       0x48 ./Drivers/STM32F1xx_HAL_Driver/Src/stm32f1xx_hal_cortex.o
 .text.__NVIC_GetPriorityGrouping
                0x0000000008000b94       0x1c ./Drivers/STM32F1xx_HAL_Driver/Src/stm32f1xx_hal_cortex.o
 .text.__NVIC_SetPriority
                0x0000000008000bb0       0x54 ./Drivers/STM32F1xx_HAL_Driver/Src/stm32f1xx_hal_cortex.o
 .text.NVIC_EncodePriority
                0x0000000008000c04       0x64 ./Drivers/STM32F1xx_HAL_Driver/Src/stm32f1xx_hal_cortex.o
 .text.SysTick_Config
                0x0000000008000c68       0x44 ./Drivers/STM32F1xx_HAL_Driver/Src/stm32f1xx_hal_cortex.o
 .text.HAL_NVIC_SetPriorityGrouping
                0x0000000008000cac       0x16 ./Drivers/STM32F1xx_HAL_Driver/Src/stm32f1xx_hal_cortex.o
                0x0000000008000cac                HAL_NVIC_SetPriorityGrouping
 .text.HAL_NVIC_SetPriority
                0x0000000008000cc2       0x38 ./Drivers/STM32F1xx_HAL_Driver/Src/stm32f1xx_hal_cortex.o
                0x0000000008000cc2                HAL_NVIC_SetPriority
 .text.HAL_SYSTICK_Config
                0x0000000008000cfa       0x18 ./Drivers/STM32F1xx_HAL_Driver/Src/stm32f1xx_hal_cortex.o
                0x0000000008000cfa                HAL_SYSTICK_Config
 *fill*         0x0000000008000d12        0x2 
 .text.HAL_GPIO_Init
                0x0000000008000d14      0x308 ./Drivers/STM32F1xx_HAL_Driver/Src/stm32f1xx_hal_gpio.o
                0x0000000008000d14                HAL_GPIO_Init
 .text.HAL_GPIO_ReadPin
                0x000000000800101c       0x2e ./Drivers/STM32F1xx_HAL_Driver/Src/stm32f1xx_hal_gpio.o
                0x000000000800101c                HAL_GPIO_ReadPin
 .text.HAL_GPIO_WritePin
                0x000000000800104a       0x30 ./Drivers/STM32F1xx_HAL_Driver/Src/stm32f1xx_hal_gpio.o
                0x000000000800104a                HAL_GPIO_WritePin
 .text.HAL_GPIO_TogglePin
                0x000000000800107a       0x32 ./Drivers/STM32F1xx_HAL_Driver/Src/stm32f1xx_hal_gpio.o
                0x000000000800107a                HAL_GPIO_TogglePin
 .text.HAL_RCC_OscConfig
                0x00000000080010ac      0x504 ./Drivers/STM32F1xx_HAL_Driver/Src/stm32f1xx_hal_rcc.o
                0x00000000080010ac                HAL_RCC_OscConfig
 .text.HAL_RCC_ClockConfig
                0x00000000080015b0      0x1d4 ./Drivers/STM32F1xx_HAL_Driver/Src/stm32f1xx_hal_rcc.o
                0x00000000080015b0                HAL_RCC_ClockConfig
 .text.HAL_RCC_GetSysClockFreq
                0x0000000008001784       0xbc ./Drivers/STM32F1xx_HAL_Driver/Src/stm32f1xx_hal_rcc.o
                0x0000000008001784                HAL_RCC_GetSysClockFreq
 .text.RCC_Delay
                0x0000000008001840       0x3c ./Drivers/STM32F1xx_HAL_Driver/Src/stm32f1xx_hal_rcc.o
 .text.HAL_SPI_Init
                0x000000000800187c      0x108 ./Drivers/STM32F1xx_HAL_Driver/Src/stm32f1xx_hal_spi.o
                0x000000000800187c                HAL_SPI_Init
 .text.HAL_SPI_Transmit
                0x0000000008001984      0x278 ./Drivers/STM32F1xx_HAL_Driver/Src/stm32f1xx_hal_spi.o
                0x0000000008001984                HAL_SPI_Transmit
 .text.HAL_SPI_TransmitReceive
                0x0000000008001bfc      0x344 ./Drivers/STM32F1xx_HAL_Driver/Src/stm32f1xx_hal_spi.o
                0x0000000008001bfc                HAL_SPI_TransmitReceive
 .text.SPI_WaitFlagStateUntilTimeout
                0x0000000008001f40      0x110 ./Drivers/STM32F1xx_HAL_Driver/Src/stm32f1xx_hal_spi.o
 .text.SPI_EndRxTxTransaction
                0x0000000008002050       0x3c ./Drivers/STM32F1xx_HAL_Driver/Src/stm32f1xx_hal_spi.o
 .text.__libc_init_array
                0x000000000800208c       0x48 /opt/st/stm32cubeide_1.11.2/plugins/com.st.stm32cube.ide.mcu.externaltools.gnu-tools-for-stm32.10.3-2021.10.linux64_1.0.100.202210260954/tools/bin/../lib/gcc/arm-none-eabi/10.3.1/../../../../arm-none-eabi/lib/thumb/v7-m/nofp/libc_nano.a(lib_a-init.o)
                0x000000000800208c                __libc_init_array
 .text.memset   0x00000000080020d4       0x10 /opt/st/stm32cubeide_1.11.2/plugins/com.st.stm32cube.ide.mcu.externaltools.gnu-tools-for-stm32.10.3-2021.10.linux64_1.0.100.202210260954/tools/bin/../lib/gcc/arm-none-eabi/10.3.1/../../../../arm-none-eabi/lib/thumb/v7-m/nofp/libc_nano.a(lib_a-memset.o)
                0x00000000080020d4                memset
 *(.glue_7)
 .glue_7        0x00000000080020e4        0x0 linker stubs
 *(.glue_7t)
 .glue_7t       0x00000000080020e4        0x0 linker stubs
 *(.eh_frame)
 .eh_frame      0x00000000080020e4        0x0 /opt/st/stm32cubeide_1.11.2/plugins/com.st.stm32cube.ide.mcu.externaltools.gnu-tools-for-stm32.10.3-2021.10.linux64_1.0.100.202210260954/tools/bin/../lib/gcc/arm-none-eabi/10.3.1/thumb/v7-m/nofp/crtbegin.o
 *(.init)
 .init          0x00000000080020e4        0x4 /opt/st/stm32cubeide_1.11.2/plugins/com.st.stm32cube.ide.mcu.externaltools.gnu-tools-for-stm32.10.3-2021.10.linux64_1.0.100.202210260954/tools/bin/../lib/gcc/arm-none-eabi/10.3.1/thumb/v7-m/nofp/crti.o
                0x00000000080020e4                _init
 .init          0x00000000080020e8        0x8 /opt/st/stm32cubeide_1.11.2/plugins/com.st.stm32cube.ide.mcu.externaltools.gnu-tools-for-stm32.10.3-2021.10.linux64_1.0.100.202210260954/tools/bin/../lib/gcc/arm-none-eabi/10.3.1/thumb/v7-m/nofp/crtn.o
 *(.fini)
 .fini          0x00000000080020f0        0x4 /opt/st/stm32cubeide_1.11.2/plugins/com.st.stm32cube.ide.mcu.externaltools.gnu-tools-for-stm32.10.3-2021.10.linux64_1.0.100.202210260954/tools/bin/../lib/gcc/arm-none-eabi/10.3.1/thumb/v7-m/nofp/crti.o
                0x00000000080020f0                _fini
 .fini          0x00000000080020f4        0x8 /opt/st/stm32cubeide_1.11.2/plugins/com.st.stm32cube.ide.mcu.externaltools.gnu-tools-for-stm32.10.3-2021.10.linux64_1.0.100.202210260954/tools/bin/../lib/gcc/arm-none-eabi/10.3.1/thumb/v7-m/nofp/crtn.o
                0x00000000080020fc                . = ALIGN (0x4)
                0x00000000080020fc                _etext = .

.vfp11_veneer   0x00000000080020fc        0x0
 .vfp11_veneer  0x00000000080020fc        0x0 linker stubs

.v4_bx          0x00000000080020fc        0x0
 .v4_bx         0x00000000080020fc        0x0 linker stubs

.iplt           0x00000000080020fc        0x0
 .iplt          0x00000000080020fc        0x0 /opt/st/stm32cubeide_1.11.2/plugins/com.st.stm32cube.ide.mcu.externaltools.gnu-tools-for-stm32.10.3-2021.10.linux64_1.0.100.202210260954/tools/bin/../lib/gcc/arm-none-eabi/10.3.1/thumb/v7-m/nofp/crtbegin.o

.rodata         0x00000000080020fc       0x20
                0x00000000080020fc                . = ALIGN (0x4)
 *(.rodata)
 .rodata        0x00000000080020fc       0x10 ./Drivers/STM32F1xx_HAL_Driver/Src/stm32f1xx_hal_rcc.o
 *(.rodata*)
 .rodata.AHBPrescTable
                0x000000000800210c       0x10 ./Core/Src/system_stm32f1xx.o
                0x000000000800210c                AHBPrescTable
                0x000000000800211c                . = ALIGN (0x4)

.rel.dyn        0x000000000800211c        0x0
 .rel.iplt      0x000000000800211c        0x0 /opt/st/stm32cubeide_1.11.2/plugins/com.st.stm32cube.ide.mcu.externaltools.gnu-tools-for-stm32.10.3-2021.10.linux64_1.0.100.202210260954/tools/bin/../lib/gcc/arm-none-eabi/10.3.1/thumb/v7-m/nofp/crtbegin.o

.ARM.extab      0x000000000800211c        0x0
                0x000000000800211c                . = ALIGN (0x4)
 *(.ARM.extab* .gnu.linkonce.armextab.*)
                0x000000000800211c                . = ALIGN (0x4)

.ARM            0x000000000800211c        0x0
                0x000000000800211c                . = ALIGN (0x4)
                0x000000000800211c                __exidx_start = .
 *(.ARM.exidx*)
                0x000000000800211c                __exidx_end = .
                0x000000000800211c                . = ALIGN (0x4)

.preinit_array  0x000000000800211c        0x0
                0x000000000800211c                . = ALIGN (0x4)
                0x000000000800211c                PROVIDE (__preinit_array_start = .)
 *(.preinit_array*)
                0x000000000800211c                PROVIDE (__preinit_array_end = .)
                0x000000000800211c                . = ALIGN (0x4)

.init_array     0x000000000800211c        0x4
                0x000000000800211c                . = ALIGN (0x4)
                0x000000000800211c                PROVIDE (__init_array_start = .)
 *(SORT_BY_NAME(.init_array.*))
 *(.init_array*)
 .init_array    0x000000000800211c        0x4 /opt/st/stm32cubeide_1.11.2/plugins/com.st.stm32cube.ide.mcu.externaltools.gnu-tools-for-stm32.10.3-2021.10.linux64_1.0.100.202210260954/tools/bin/../lib/gcc/arm-none-eabi/10.3.1/thumb/v7-m/nofp/crtbegin.o
                0x0000000008002120                PROVIDE (__init_array_end = .)
                0x0000000008002120                . = ALIGN (0x4)

.fini_array     0x0000000008002120        0x4
                0x0000000008002120                . = ALIGN (0x4)
                [!provide]                        PROVIDE (__fini_array_start = .)
 *(SORT_BY_NAME(.fini_array.*))
 *(.fini_array*)
 .fini_array    0x0000000008002120        0x4 /opt/st/stm32cubeide_1.11.2/plugins/com.st.stm32cube.ide.mcu.externaltools.gnu-tools-for-stm32.10.3-2021.10.linux64_1.0.100.202210260954/tools/bin/../lib/gcc/arm-none-eabi/10.3.1/thumb/v7-m/nofp/crtbegin.o
                [!provide]                        PROVIDE (__fini_array_end = .)
                0x0000000008002124                . = ALIGN (0x4)
                0x0000000008002124                _sidata = LOADADDR (.data)

.data           0x0000000020000000       0x14 load address 0x0000000008002124
                0x0000000020000000                . = ALIGN (0x4)
                0x0000000020000000                _sdata = .
 *(.data)
 *(.data*)
 .data.SystemCoreClock
                0x0000000020000000        0x4 ./Core/Src/system_stm32f1xx.o
                0x0000000020000000                SystemCoreClock
 .data.TX_ADDRESS
                0x0000000020000004        0x3 ./Core/Src/nrf24L01/nrf24L01.o
                0x0000000020000004                TX_ADDRESS
 *fill*         0x0000000020000007        0x1 
 .data.i.10     0x0000000020000008        0x2 ./Core/Src/nrf24L01/nrf24L01.o
 *fill*         0x000000002000000a        0x2 
 .data.uwTickPrio
                0x000000002000000c        0x4 ./Drivers/STM32F1xx_HAL_Driver/Src/stm32f1xx_hal.o
                0x000000002000000c                uwTickPrio
 .data.uwTickFreq
                0x0000000020000010        0x1 ./Drivers/STM32F1xx_HAL_Driver/Src/stm32f1xx_hal.o
                0x0000000020000010                uwTickFreq
 *(.RamFunc)
 *(.RamFunc*)
                0x0000000020000014                . = ALIGN (0x4)
 *fill*         0x0000000020000011        0x3 
                0x0000000020000014                _edata = .

.igot.plt       0x0000000020000014        0x0 load address 0x0000000008002138
 .igot.plt      0x0000000020000014        0x0 /opt/st/stm32cubeide_1.11.2/plugins/com.st.stm32cube.ide.mcu.externaltools.gnu-tools-for-stm32.10.3-2021.10.linux64_1.0.100.202210260954/tools/bin/../lib/gcc/arm-none-eabi/10.3.1/thumb/v7-m/nofp/crtbegin.o
                0x0000000020000014                . = ALIGN (0x4)

.bss            0x0000000020000014       0xa8 load address 0x0000000008002138
                0x0000000020000014                _sbss = .
                0x0000000020000014                __bss_start__ = _sbss
 *(.bss)
 .bss           0x0000000020000014       0x1c /opt/st/stm32cubeide_1.11.2/plugins/com.st.stm32cube.ide.mcu.externaltools.gnu-tools-for-stm32.10.3-2021.10.linux64_1.0.100.202210260954/tools/bin/../lib/gcc/arm-none-eabi/10.3.1/thumb/v7-m/nofp/crtbegin.o
 *(.bss*)
 .bss.buf1      0x0000000020000030       0x28 ./Core/Src/main.o
                0x0000000020000030                buf1
 .bss.hspi2     0x0000000020000058       0x58 ./Core/Src/main.o
                0x0000000020000058                hspi2
 .bss.retr_cnt_full.9
                0x00000000200000b0        0x2 ./Core/Src/nrf24L01/nrf24L01.o
 .bss.cnt_lost.8
                0x00000000200000b2        0x2 ./Core/Src/nrf24L01/nrf24L01.o
 .bss.dt.7      0x00000000200000b4        0x1 ./Core/Src/nrf24L01/nrf24L01.o
 .bss.retr_cnt.6
                0x00000000200000b5        0x1 ./Core/Src/nrf24L01/nrf24L01.o
 *fill*         0x00000000200000b6        0x2 
 .bss.uwTick    0x00000000200000b8        0x4 ./Drivers/STM32F1xx_HAL_Driver/Src/stm32f1xx_hal.o
                0x00000000200000b8                uwTick
 *(COMMON)
                0x00000000200000bc                . = ALIGN (0x4)
                0x00000000200000bc                _ebss = .
                0x00000000200000bc                __bss_end__ = _ebss

._user_heap_stack
                0x00000000200000bc      0x604 load address 0x0000000008002138
                0x00000000200000c0                . = ALIGN (0x8)
 *fill*         0x00000000200000bc        0x4 
                [!provide]                        PROVIDE (end = .)
                0x00000000200000c0                PROVIDE (_end = .)
                0x00000000200002c0                . = (. + _Min_Heap_Size)
 *fill*         0x00000000200000c0      0x200 
                0x00000000200006c0                . = (. + _Min_Stack_Size)
 *fill*         0x00000000200002c0      0x400 
                0x00000000200006c0                . = ALIGN (0x8)

/DISCARD/
 libc.a(*)
 libm.a(*)
 libgcc.a(*)

.ARM.attributes
                0x0000000000000000       0x29
 *(.ARM.attributes)
 .ARM.attributes
                0x0000000000000000       0x1d /opt/st/stm32cubeide_1.11.2/plugins/com.st.stm32cube.ide.mcu.externaltools.gnu-tools-for-stm32.10.3-2021.10.linux64_1.0.100.202210260954/tools/bin/../lib/gcc/arm-none-eabi/10.3.1/thumb/v7-m/nofp/crti.o
 .ARM.attributes
                0x000000000000001d       0x2d /opt/st/stm32cubeide_1.11.2/plugins/com.st.stm32cube.ide.mcu.externaltools.gnu-tools-for-stm32.10.3-2021.10.linux64_1.0.100.202210260954/tools/bin/../lib/gcc/arm-none-eabi/10.3.1/thumb/v7-m/nofp/crtbegin.o
 .ARM.attributes
                0x000000000000004a       0x2d ./Core/Src/main.o
 .ARM.attributes
                0x0000000000000077       0x2d ./Core/Src/stm32f1xx_hal_msp.o
 .ARM.attributes
                0x00000000000000a4       0x2d ./Core/Src/stm32f1xx_it.o
 .ARM.attributes
                0x00000000000000d1       0x2d ./Core/Src/system_stm32f1xx.o
 .ARM.attributes
                0x00000000000000fe       0x2d ./Core/Src/nrf24L01/nrf24L01.o
 .ARM.attributes
                0x000000000000012b       0x21 ./Core/Startup/startup_stm32f103c8tx.o
 .ARM.attributes
                0x000000000000014c       0x2d ./Drivers/STM32F1xx_HAL_Driver/Src/stm32f1xx_hal.o
 .ARM.attributes
                0x0000000000000179       0x2d ./Drivers/STM32F1xx_HAL_Driver/Src/stm32f1xx_hal_cortex.o
 .ARM.attributes
                0x00000000000001a6       0x2d ./Drivers/STM32F1xx_HAL_Driver/Src/stm32f1xx_hal_gpio.o
 .ARM.attributes
                0x00000000000001d3       0x2d ./Drivers/STM32F1xx_HAL_Driver/Src/stm32f1xx_hal_rcc.o
 .ARM.attributes
                0x0000000000000200       0x2d ./Drivers/STM32F1xx_HAL_Driver/Src/stm32f1xx_hal_spi.o
 .ARM.attributes
                0x000000000000022d       0x2d /opt/st/stm32cubeide_1.11.2/plugins/com.st.stm32cube.ide.mcu.externaltools.gnu-tools-for-stm32.10.3-2021.10.linux64_1.0.100.202210260954/tools/bin/../lib/gcc/arm-none-eabi/10.3.1/../../../../arm-none-eabi/lib/thumb/v7-m/nofp/libc_nano.a(lib_a-init.o)
 .ARM.attributes
                0x000000000000025a       0x2d /opt/st/stm32cubeide_1.11.2/plugins/com.st.stm32cube.ide.mcu.externaltools.gnu-tools-for-stm32.10.3-2021.10.linux64_1.0.100.202210260954/tools/bin/../lib/gcc/arm-none-eabi/10.3.1/../../../../arm-none-eabi/lib/thumb/v7-m/nofp/libc_nano.a(lib_a-memset.o)
 .ARM.attributes
                0x0000000000000287       0x1d /opt/st/stm32cubeide_1.11.2/plugins/com.st.stm32cube.ide.mcu.externaltools.gnu-tools-for-stm32.10.3-2021.10.linux64_1.0.100.202210260954/tools/bin/../lib/gcc/arm-none-eabi/10.3.1/thumb/v7-m/nofp/crtn.o
OUTPUT(NRF24L01_TX_PIPE_2.elf elf32-littlearm)
LOAD linker stubs
LOAD /opt/st/stm32cubeide_1.11.2/plugins/com.st.stm32cube.ide.mcu.externaltools.gnu-tools-for-stm32.10.3-2021.10.linux64_1.0.100.202210260954/tools/bin/../lib/gcc/arm-none-eabi/10.3.1/../../../../arm-none-eabi/lib/thumb/v7-m/nofp/libc.a
LOAD /opt/st/stm32cubeide_1.11.2/plugins/com.st.stm32cube.ide.mcu.externaltools.gnu-tools-for-stm32.10.3-2021.10.linux64_1.0.100.202210260954/tools/bin/../lib/gcc/arm-none-eabi/10.3.1/../../../../arm-none-eabi/lib/thumb/v7-m/nofp/libm.a
LOAD /opt/st/stm32cubeide_1.11.2/plugins/com.st.stm32cube.ide.mcu.externaltools.gnu-tools-for-stm32.10.3-2021.10.linux64_1.0.100.202210260954/tools/bin/../lib/gcc/arm-none-eabi/10.3.1/thumb/v7-m/nofp/libgcc.a

.debug_info     0x0000000000000000     0x5bb8
 .debug_info    0x0000000000000000      0xa95 ./Core/Src/main.o
 .debug_info    0x0000000000000a95      0x885 ./Core/Src/stm32f1xx_hal_msp.o
 .debug_info    0x000000000000131a      0x122 ./Core/Src/stm32f1xx_it.o
 .debug_info    0x000000000000143c      0x23d ./Core/Src/system_stm32f1xx.o
 .debug_info    0x0000000000001679      0xdfc ./Core/Src/nrf24L01/nrf24L01.o
 .debug_info    0x0000000000002475       0x22 ./Core/Startup/startup_stm32f103c8tx.o
 .debug_info    0x0000000000002497      0x734 ./Drivers/STM32F1xx_HAL_Driver/Src/stm32f1xx_hal.o
 .debug_info    0x0000000000002bcb      0xb20 ./Drivers/STM32F1xx_HAL_Driver/Src/stm32f1xx_hal_cortex.o
 .debug_info    0x00000000000036eb      0x615 ./Drivers/STM32F1xx_HAL_Driver/Src/stm32f1xx_hal_gpio.o
 .debug_info    0x0000000000003d00      0x860 ./Drivers/STM32F1xx_HAL_Driver/Src/stm32f1xx_hal_rcc.o
 .debug_info    0x0000000000004560     0x1658 ./Drivers/STM32F1xx_HAL_Driver/Src/stm32f1xx_hal_spi.o

.debug_abbrev   0x0000000000000000     0x14a4
 .debug_abbrev  0x0000000000000000      0x25c ./Core/Src/main.o
 .debug_abbrev  0x000000000000025c      0x194 ./Core/Src/stm32f1xx_hal_msp.o
 .debug_abbrev  0x00000000000003f0       0x74 ./Core/Src/stm32f1xx_it.o
 .debug_abbrev  0x0000000000000464      0x13b ./Core/Src/system_stm32f1xx.o
 .debug_abbrev  0x000000000000059f      0x33a ./Core/Src/nrf24L01/nrf24L01.o
 .debug_abbrev  0x00000000000008d9       0x12 ./Core/Startup/startup_stm32f103c8tx.o
 .debug_abbrev  0x00000000000008eb      0x1fb ./Drivers/STM32F1xx_HAL_Driver/Src/stm32f1xx_hal.o
 .debug_abbrev  0x0000000000000ae6      0x2ed ./Drivers/STM32F1xx_HAL_Driver/Src/stm32f1xx_hal_cortex.o
 .debug_abbrev  0x0000000000000dd3      0x1bb ./Drivers/STM32F1xx_HAL_Driver/Src/stm32f1xx_hal_gpio.o
 .debug_abbrev  0x0000000000000f8e      0x2a8 ./Drivers/STM32F1xx_HAL_Driver/Src/stm32f1xx_hal_rcc.o
 .debug_abbrev  0x0000000000001236      0x26e ./Drivers/STM32F1xx_HAL_Driver/Src/stm32f1xx_hal_spi.o

.debug_aranges  0x0000000000000000      0x680
 .debug_aranges
                0x0000000000000000       0x40 ./Core/Src/main.o
 .debug_aranges
                0x0000000000000040       0x30 ./Core/Src/stm32f1xx_hal_msp.o
 .debug_aranges
                0x0000000000000070       0x60 ./Core/Src/stm32f1xx_it.o
 .debug_aranges
                0x00000000000000d0       0x28 ./Core/Src/system_stm32f1xx.o
 .debug_aranges
                0x00000000000000f8       0xc8 ./Core/Src/nrf24L01/nrf24L01.o
 .debug_aranges
                0x00000000000001c0       0x28 ./Core/Startup/startup_stm32f103c8tx.o
 .debug_aranges
                0x00000000000001e8       0xe0 ./Drivers/STM32F1xx_HAL_Driver/Src/stm32f1xx_hal.o
 .debug_aranges
                0x00000000000002c8      0x100 ./Drivers/STM32F1xx_HAL_Driver/Src/stm32f1xx_hal_cortex.o
 .debug_aranges
                0x00000000000003c8       0x58 ./Drivers/STM32F1xx_HAL_Driver/Src/stm32f1xx_hal_gpio.o
 .debug_aranges
                0x0000000000000420       0x90 ./Drivers/STM32F1xx_HAL_Driver/Src/stm32f1xx_hal_rcc.o
 .debug_aranges
                0x00000000000004b0      0x1d0 ./Drivers/STM32F1xx_HAL_Driver/Src/stm32f1xx_hal_spi.o

.debug_ranges   0x0000000000000000      0x5d8
 .debug_ranges  0x0000000000000000       0x30 ./Core/Src/main.o
 .debug_ranges  0x0000000000000030       0x20 ./Core/Src/stm32f1xx_hal_msp.o
 .debug_ranges  0x0000000000000050       0x50 ./Core/Src/stm32f1xx_it.o
 .debug_ranges  0x00000000000000a0       0x18 ./Core/Src/system_stm32f1xx.o
 .debug_ranges  0x00000000000000b8       0xb8 ./Core/Src/nrf24L01/nrf24L01.o
 .debug_ranges  0x0000000000000170       0x20 ./Core/Startup/startup_stm32f103c8tx.o
 .debug_ranges  0x0000000000000190       0xd0 ./Drivers/STM32F1xx_HAL_Driver/Src/stm32f1xx_hal.o
 .debug_ranges  0x0000000000000260       0xf0 ./Drivers/STM32F1xx_HAL_Driver/Src/stm32f1xx_hal_cortex.o
 .debug_ranges  0x0000000000000350       0x48 ./Drivers/STM32F1xx_HAL_Driver/Src/stm32f1xx_hal_gpio.o
 .debug_ranges  0x0000000000000398       0x80 ./Drivers/STM32F1xx_HAL_Driver/Src/stm32f1xx_hal_rcc.o
 .debug_ranges  0x0000000000000418      0x1c0 ./Drivers/STM32F1xx_HAL_Driver/Src/stm32f1xx_hal_spi.o

.debug_macro    0x0000000000000000    0x1616a
 .debug_macro   0x0000000000000000      0x1a6 ./Core/Src/main.o
 .debug_macro   0x00000000000001a6      0xa6c ./Core/Src/main.o
 .debug_macro   0x0000000000000c12      0x215 ./Core/Src/main.o
 .debug_macro   0x0000000000000e27       0x2e ./Core/Src/main.o
 .debug_macro   0x0000000000000e55       0x22 ./Core/Src/main.o
 .debug_macro   0x0000000000000e77       0x22 ./Core/Src/main.o
 .debug_macro   0x0000000000000e99       0x8e ./Core/Src/main.o
 .debug_macro   0x0000000000000f27       0x51 ./Core/Src/main.o
 .debug_macro   0x0000000000000f78      0x103 ./Core/Src/main.o
 .debug_macro   0x000000000000107b       0x6a ./Core/Src/main.o
 .debug_macro   0x00000000000010e5      0x1df ./Core/Src/main.o
 .debug_macro   0x00000000000012c4       0x1c ./Core/Src/main.o
 .debug_macro   0x00000000000012e0       0x22 ./Core/Src/main.o
 .debug_macro   0x0000000000001302       0xbd ./Core/Src/main.o
 .debug_macro   0x00000000000013bf      0xd23 ./Core/Src/main.o
 .debug_macro   0x00000000000020e2     0xe09e ./Core/Src/main.o
 .debug_macro   0x0000000000010180       0x6d ./Core/Src/main.o
 .debug_macro   0x00000000000101ed     0x3468 ./Core/Src/main.o
 .debug_macro   0x0000000000013655      0x174 ./Core/Src/main.o
 .debug_macro   0x00000000000137c9       0x5c ./Core/Src/main.o
 .debug_macro   0x0000000000013825      0x5be ./Core/Src/main.o
 .debug_macro   0x0000000000013de3      0x289 ./Core/Src/main.o
 .debug_macro   0x000000000001406c      0x1cb ./Core/Src/main.o
 .debug_macro   0x0000000000014237      0x114 ./Core/Src/main.o
 .debug_macro   0x000000000001434b      0x1b2 ./Core/Src/main.o
 .debug_macro   0x00000000000144fd       0x27 ./Core/Src/main.o
 .debug_macro   0x0000000000014524      0x136 ./Core/Src/main.o
 .debug_macro   0x000000000001465a      0x1bc ./Core/Src/main.o
 .debug_macro   0x0000000000014816       0x34 ./Core/Src/main.o
 .debug_macro   0x000000000001484a       0x3c ./Core/Src/main.o
 .debug_macro   0x0000000000014886       0x57 ./Core/Src/main.o
 .debug_macro   0x00000000000148dd       0x88 ./Core/Src/main.o
 .debug_macro   0x0000000000014965      0x241 ./Core/Src/main.o
 .debug_macro   0x0000000000014ba6      0x141 ./Core/Src/main.o
 .debug_macro   0x0000000000014ce7      0x217 ./Core/Src/main.o
 .debug_macro   0x0000000000014efe       0x83 ./Core/Src/main.o
 .debug_macro   0x0000000000014f81       0x34 ./Core/Src/main.o
 .debug_macro   0x0000000000014fb5      0x172 ./Core/Src/main.o
 .debug_macro   0x0000000000015127      0x19d ./Core/Src/stm32f1xx_hal_msp.o
 .debug_macro   0x00000000000152c4      0x1a7 ./Core/Src/stm32f1xx_it.o
 .debug_macro   0x000000000001546b      0x18e ./Core/Src/system_stm32f1xx.o
 .debug_macro   0x00000000000155f9      0x280 ./Core/Src/nrf24L01/nrf24L01.o
 .debug_macro   0x0000000000015879       0x52 ./Core/Src/nrf24L01/nrf24L01.o
 .debug_macro   0x00000000000158cb       0x10 ./Core/Src/nrf24L01/nrf24L01.o
 .debug_macro   0x00000000000158db       0x20 ./Core/Src/nrf24L01/nrf24L01.o
 .debug_macro   0x00000000000158fb      0x1b2 ./Drivers/STM32F1xx_HAL_Driver/Src/stm32f1xx_hal.o
 .debug_macro   0x0000000000015aad      0x18e ./Drivers/STM32F1xx_HAL_Driver/Src/stm32f1xx_hal_cortex.o
 .debug_macro   0x0000000000015c3b      0x1f9 ./Drivers/STM32F1xx_HAL_Driver/Src/stm32f1xx_hal_gpio.o
 .debug_macro   0x0000000000015e34      0x1a0 ./Drivers/STM32F1xx_HAL_Driver/Src/stm32f1xx_hal_rcc.o
 .debug_macro   0x0000000000015fd4      0x196 ./Drivers/STM32F1xx_HAL_Driver/Src/stm32f1xx_hal_spi.o

.debug_line     0x0000000000000000     0x6c7c
 .debug_line    0x0000000000000000      0x749 ./Core/Src/main.o
 .debug_line    0x0000000000000749      0x677 ./Core/Src/stm32f1xx_hal_msp.o
 .debug_line    0x0000000000000dc0      0x6e6 ./Core/Src/stm32f1xx_it.o
 .debug_line    0x00000000000014a6      0x6a2 ./Core/Src/system_stm32f1xx.o
 .debug_line    0x0000000000001b48      0xb90 ./Core/Src/nrf24L01/nrf24L01.o
 .debug_line    0x00000000000026d8       0x87 ./Core/Startup/startup_stm32f103c8tx.o
 .debug_line    0x000000000000275f      0x8cf ./Drivers/STM32F1xx_HAL_Driver/Src/stm32f1xx_hal.o
 .debug_line    0x000000000000302e      0xab7 ./Drivers/STM32F1xx_HAL_Driver/Src/stm32f1xx_hal_cortex.o
 .debug_line    0x0000000000003ae5      0x966 ./Drivers/STM32F1xx_HAL_Driver/Src/stm32f1xx_hal_gpio.o
 .debug_line    0x000000000000444b      0xcdd ./Drivers/STM32F1xx_HAL_Driver/Src/stm32f1xx_hal_rcc.o
 .debug_line    0x0000000000005128     0x1b54 ./Drivers/STM32F1xx_HAL_Driver/Src/stm32f1xx_hal_spi.o

.debug_str      0x0000000000000000    0x80d70
 .debug_str     0x0000000000000000    0x7c7a1 ./Core/Src/main.o
                                      0x7cb34 (size before relaxing)
 .debug_str     0x000000000007c7a1       0x91 ./Core/Src/stm32f1xx_hal_msp.o
                                      0x7c423 (size before relaxing)
 .debug_str     0x000000000007c832       0xc9 ./Core/Src/stm32f1xx_it.o
                                      0x7bfdd (size before relaxing)
 .debug_str     0x000000000007c8fb       0x7e ./Core/Src/system_stm32f1xx.o
                                      0x7bf42 (size before relaxing)
 .debug_str     0x000000000007c979     0x30e6 ./Core/Src/nrf24L01/nrf24L01.o
                                      0x7fa1f (size before relaxing)
 .debug_str     0x000000000007fa5f       0x36 ./Core/Startup/startup_stm32f103c8tx.o
                                         0xb7 (size before relaxing)
 .debug_str     0x000000000007fa95      0x5fd ./Drivers/STM32F1xx_HAL_Driver/Src/stm32f1xx_hal.o
                                      0x7c675 (size before relaxing)
 .debug_str     0x0000000000080092      0x2bb ./Drivers/STM32F1xx_HAL_Driver/Src/stm32f1xx_hal_cortex.o
                                      0x7c5c1 (size before relaxing)
 .debug_str     0x000000000008034d      0x2c2 ./Drivers/STM32F1xx_HAL_Driver/Src/stm32f1xx_hal_gpio.o
                                      0x7c2c8 (size before relaxing)
 .debug_str     0x000000000008060f      0x229 ./Drivers/STM32F1xx_HAL_Driver/Src/stm32f1xx_hal_rcc.o
                                      0x7c371 (size before relaxing)
 .debug_str     0x0000000000080838      0x538 ./Drivers/STM32F1xx_HAL_Driver/Src/stm32f1xx_hal_spi.o
                                      0x7c86e (size before relaxing)

.comment        0x0000000000000000       0x50
 .comment       0x0000000000000000       0x50 ./Core/Src/main.o
                                         0x51 (size before relaxing)
 .comment       0x0000000000000050       0x51 ./Core/Src/stm32f1xx_hal_msp.o
 .comment       0x0000000000000050       0x51 ./Core/Src/stm32f1xx_it.o
 .comment       0x0000000000000050       0x51 ./Core/Src/system_stm32f1xx.o
 .comment       0x0000000000000050       0x51 ./Core/Src/nrf24L01/nrf24L01.o
 .comment       0x0000000000000050       0x51 ./Drivers/STM32F1xx_HAL_Driver/Src/stm32f1xx_hal.o
 .comment       0x0000000000000050       0x51 ./Drivers/STM32F1xx_HAL_Driver/Src/stm32f1xx_hal_cortex.o
 .comment       0x0000000000000050       0x51 ./Drivers/STM32F1xx_HAL_Driver/Src/stm32f1xx_hal_gpio.o
 .comment       0x0000000000000050       0x51 ./Drivers/STM32F1xx_HAL_Driver/Src/stm32f1xx_hal_rcc.o
 .comment       0x0000000000000050       0x51 ./Drivers/STM32F1xx_HAL_Driver/Src/stm32f1xx_hal_spi.o

.debug_frame    0x0000000000000000     0x18c8
 .debug_frame   0x0000000000000000       0xa8 ./Core/Src/main.o
 .debug_frame   0x00000000000000a8       0x80 ./Core/Src/stm32f1xx_hal_msp.o
 .debug_frame   0x0000000000000128      0x104 ./Core/Src/stm32f1xx_it.o
 .debug_frame   0x000000000000022c       0x58 ./Core/Src/system_stm32f1xx.o
 .debug_frame   0x0000000000000284      0x310 ./Core/Src/nrf24L01/nrf24L01.o
 .debug_frame   0x0000000000000594      0x334 ./Drivers/STM32F1xx_HAL_Driver/Src/stm32f1xx_hal.o
 .debug_frame   0x00000000000008c8      0x428 ./Drivers/STM32F1xx_HAL_Driver/Src/stm32f1xx_hal_cortex.o
 .debug_frame   0x0000000000000cf0      0x14c ./Drivers/STM32F1xx_HAL_Driver/Src/stm32f1xx_hal_gpio.o
 .debug_frame   0x0000000000000e3c      0x21c ./Drivers/STM32F1xx_HAL_Driver/Src/stm32f1xx_hal_rcc.o
 .debug_frame   0x0000000000001058      0x824 ./Drivers/STM32F1xx_HAL_Driver/Src/stm32f1xx_hal_spi.o
 .debug_frame   0x000000000000187c       0x2c /opt/st/stm32cubeide_1.11.2/plugins/com.st.stm32cube.ide.mcu.externaltools.gnu-tools-for-stm32.10.3-2021.10.linux64_1.0.100.202210260954/tools/bin/../lib/gcc/arm-none-eabi/10.3.1/../../../../arm-none-eabi/lib/thumb/v7-m/nofp/libc_nano.a(lib_a-init.o)
 .debug_frame   0x00000000000018a8       0x20 /opt/st/stm32cubeide_1.11.2/plugins/com.st.stm32cube.ide.mcu.externaltools.gnu-tools-for-stm32.10.3-2021.10.linux64_1.0.100.202210260954/tools/bin/../lib/gcc/arm-none-eabi/10.3.1/../../../../arm-none-eabi/lib/thumb/v7-m/nofp/libc_nano.a(lib_a-memset.o)
