../Core/Src/nrf24L01/nrf24L01.c:49:22:DelayMicro	16	static
../Core/Src/nrf24L01/nrf24L01.c:56:6:NRF24_init	8	static
../Core/Src/nrf24L01/nrf24L01.c:90:9:NRF24_ReadReg	32	static
../Core/Src/nrf24L01/nrf24L01.c:108:6:NRF24_WriteReg	16	static
../Core/Src/nrf24L01/nrf24L01.c:120:6:NRF24_ToggleFeatures	16	static
../Core/Src/nrf24L01/nrf24L01.c:134:6:NRF24_Read_Buf	16	static
../Core/Src/nrf24L01/nrf24L01.c:144:6:NRF24_Write_Buf	16	static
../Core/Src/nrf24L01/nrf24L01.c:158:13:NRF24_FlushRX	16	static
../Core/Src/nrf24L01/nrf24L01.c:168:13:NRF24_FlushTX	16	static
../Core/Src/nrf24L01/nrf24L01.c:178:6:NRF24L01_RX_Mode	16	static
../Core/Src/nrf24L01/nrf24L01.c:195:6:testReadWriteSetingd	24	static
../Core/Src/nrf24L01/nrf24L01.c:228:6:testDelay	8	static
../Core/Src/nrf24L01/nrf24L01.c:234:6:NRF24L01_TX_Mode	16	static
../Core/Src/nrf24L01/nrf24L01.c:244:6:NRF24_Transmit	16	static
../Core/Src/nrf24L01/nrf24L01.c:257:9:NRF24L01_Send	24	static
../Core/Src/nrf24L01/nrf24L01.c:296:6:NRF24L01_Transmit	8	static
../Core/Src/nrf24L01/nrf24L01.c:319:6:led_test	8	static
../Core/Src/nrf24L01/nrf24L01.c:325:6:NRF24L01_Receive	16	static
../Core/Src/nrf24L01/nrf24L01.c:358:6:NRF24L01_Transmit_Real_Data	16	static
../Core/Src/nrf24L01/nrf24L01.c:391:6:NRF24L01_Receive_Real_Data	16	static
../Core/Src/nrf24L01/nrf24L01.c:431:6:NRF24L01_Transmit_Test_Data	40	static
../Core/Src/nrf24L01/nrf24L01.c:478:6:NRF24L01_Receive_Test_Data	56	static
