../Core/Src/nrf24L01/nrf24L01.c:42:22:DelayMicro	16	static
../Core/Src/nrf24L01/nrf24L01.c:49:6:NRF24_init	8	static
../Core/Src/nrf24L01/nrf24L01.c:83:9:NRF24_ReadReg	32	static
../Core/Src/nrf24L01/nrf24L01.c:101:6:NRF24_WriteReg	16	static
../Core/Src/nrf24L01/nrf24L01.c:113:6:NRF24_ToggleFeatures	16	static
../Core/Src/nrf24L01/nrf24L01.c:127:6:NRF24_Read_Buf	16	static
../Core/Src/nrf24L01/nrf24L01.c:137:6:NRF24_Write_Buf	16	static
../Core/Src/nrf24L01/nrf24L01.c:151:13:NRF24_FlushRX	16	static
../Core/Src/nrf24L01/nrf24L01.c:161:13:NRF24_FlushTX	16	static
../Core/Src/nrf24L01/nrf24L01.c:171:6:NRF24L01_RX_Mode	16	static
../Core/Src/nrf24L01/nrf24L01.c:188:6:testReadWriteSetingd	24	static
../Core/Src/nrf24L01/nrf24L01.c:221:6:testDelay	8	static
../Core/Src/nrf24L01/nrf24L01.c:227:6:NRF24L01_TX_Mode	16	static
../Core/Src/nrf24L01/nrf24L01.c:237:6:NRF24_Transmit	16	static
../Core/Src/nrf24L01/nrf24L01.c:250:9:NRF24L01_Send	24	static
../Core/Src/nrf24L01/nrf24L01.c:289:6:NRF24L01_Transmit	8	static
../Core/Src/nrf24L01/nrf24L01.c:312:6:led_test	8	static
../Core/Src/nrf24L01/nrf24L01.c:318:6:NRF24L01_Receive	16	static
../Core/Src/nrf24L01/nrf24L01.c:351:6:NRF24L01_Transmit_Real_Data	16	static
../Core/Src/nrf24L01/nrf24L01.c:384:6:NRF24L01_Receive_Real_Data	16	static
../Core/Src/nrf24L01/nrf24L01.c:425:6:NRF24L01_Transmit_Test_Data	40	static
../Core/Src/nrf24L01/nrf24L01.c:472:6:NRF24L01_Receive_Test_Data	56	static
