../Core/Src/nrf24L01/nrf24L01.c:49:22:DelayMicro	16	static
../Core/Src/nrf24L01/nrf24L01.c:56:6:NRF24_init	8	static
../Core/Src/nrf24L01/nrf24L01.c:97:9:NRF24_ReadReg	32	static
../Core/Src/nrf24L01/nrf24L01.c:115:6:NRF24_WriteReg	16	static
../Core/Src/nrf24L01/nrf24L01.c:127:6:NRF24_ToggleFeatures	16	static
../Core/Src/nrf24L01/nrf24L01.c:141:6:NRF24_Read_Buf	16	static
../Core/Src/nrf24L01/nrf24L01.c:151:6:NRF24_Write_Buf	16	static
../Core/Src/nrf24L01/nrf24L01.c:165:13:NRF24_FlushRX	16	static
../Core/Src/nrf24L01/nrf24L01.c:175:13:NRF24_FlushTX	16	static
../Core/Src/nrf24L01/nrf24L01.c:185:6:NRF24L01_RX_Mode	16	static
../Core/Src/nrf24L01/nrf24L01.c:202:6:testReadWriteSetingd	24	static
../Core/Src/nrf24L01/nrf24L01.c:235:6:testDelay	8	static
../Core/Src/nrf24L01/nrf24L01.c:241:6:NRF24L01_TX_Mode	16	static
../Core/Src/nrf24L01/nrf24L01.c:251:6:NRF24_Transmit	16	static
../Core/Src/nrf24L01/nrf24L01.c:264:9:NRF24L01_Send	16	static
../Core/Src/nrf24L01/nrf24L01.c:303:6:NRF24L01_Transmit	8	static
../Core/Src/nrf24L01/nrf24L01.c:325:6:led_test	8	static
../Core/Src/nrf24L01/nrf24L01.c:331:6:NRF24L01_Receive	104	static
../Core/Src/nrf24L01/nrf24L01.c:385:6:NRF24L01_Transmit_Real_Data	16	static
../Core/Src/nrf24L01/nrf24L01.c:418:6:NRF24L01_Receive_Real_Data	16	static
../Core/Src/nrf24L01/nrf24L01.c:451:6:print_Data_Ower_uart	192	static
../Core/Src/nrf24L01/nrf24L01.c:477:6:parsing_Data	32	static
../Core/Src/nrf24L01/nrf24L01.c:506:6:NRF24L01_Transmit_Test_Data	40	static
../Core/Src/nrf24L01/nrf24L01.c:553:6:NRF24L01_Receive_Test_Data	56	static
